Last login: Fri Oct  7 16:58:18 on ttys000
Brandons-MBP:CSBartenderApp-master brandon$ ifconfig
lo0: flags=8049<UP,LOOPBACK,RUNNING,MULTICAST> mtu 16384
	options=1203<RXCSUM,TXCSUM,TXSTATUS,SW_TIMESTAMP>
	inet 127.0.0.1 netmask 0xff000000 
	inet6 ::1 prefixlen 128 
	inet6 fe80::1%lo0 prefixlen 64 scopeid 0x1 
	nd6 options=201<PERFORMNUD,DAD>
gif0: flags=8010<POINTOPOINT,MULTICAST> mtu 1280
stf0: flags=0<> mtu 1280
en0: flags=8863<UP,BROADCAST,SMART,RUNNING,SIMPLEX,MULTICAST> mtu 1500
	ether 14:10:9f:d7:84:69 
	inet6 fe80::f5:ce0c:b178:723a%en0 prefixlen 64 secured scopeid 0x4 
	inet 192.168.1.243 netmask 0xffffff00 broadcast 192.168.1.255
	nd6 options=201<PERFORMNUD,DAD>
	media: autoselect
	status: active
en1: flags=963<UP,BROADCAST,SMART,RUNNING,PROMISC,SIMPLEX> mtu 1500
	options=60<TSO4,TSO6>
	ether 32:00:19:d7:53:60 
	media: autoselect <full-duplex>
	status: inactive
en2: flags=963<UP,BROADCAST,SMART,RUNNING,PROMISC,SIMPLEX> mtu 1500
	options=60<TSO4,TSO6>
	ether 32:00:19:d7:53:61 
	media: autoselect <full-duplex>
	status: inactive
bridge0: flags=8863<UP,BROADCAST,SMART,RUNNING,SIMPLEX,MULTICAST> mtu 1500
	options=63<RXCSUM,TXCSUM,TSO4,TSO6>
	ether 32:00:19:d7:53:60 
	Configuration:
		id 0:0:0:0:0:0 priority 0 hellotime 0 fwddelay 0
		maxage 0 holdcnt 0 proto stp maxaddr 100 timeout 1200
		root id 0:0:0:0:0:0 priority 0 ifcost 0 port 0
		ipfilter disabled flags 0x2
	member: en1 flags=3<LEARNING,DISCOVER>
	        ifmaxaddr 0 port 5 priority 0 path cost 0
	member: en2 flags=3<LEARNING,DISCOVER>
	        ifmaxaddr 0 port 6 priority 0 path cost 0
	nd6 options=201<PERFORMNUD,DAD>
	media: <unknown type>
	status: inactive
p2p0: flags=8843<UP,BROADCAST,RUNNING,SIMPLEX,MULTICAST> mtu 2304
	ether 06:10:9f:d7:84:69 
	media: autoselect
	status: inactive
awdl0: flags=8943<UP,BROADCAST,RUNNING,PROMISC,SIMPLEX,MULTICAST> mtu 1484
	ether aa:90:f7:01:40:3e 
	inet6 fe80::a890:f7ff:fe01:403e%awdl0 prefixlen 64 scopeid 0x9 
	nd6 options=201<PERFORMNUD,DAD>
	media: autoselect
	status: active
utun0: flags=8051<UP,POINTOPOINT,RUNNING,MULTICAST> mtu 2000
	inet6 fe80::503d:7f3:6f80:acee%utun0 prefixlen 64 scopeid 0xa 
	nd6 options=201<PERFORMNUD,DAD>
utun1: flags=8051<UP,POINTOPOINT,RUNNING,MULTICAST> mtu 1380
	inet6 fe80::73e9:84de:6fd6:7922%utun1 prefixlen 64 scopeid 0xb 
	nd6 options=201<PERFORMNUD,DAD>
utun2: flags=8051<UP,POINTOPOINT,RUNNING,MULTICAST> mtu 1380
	inet6 fe80::6984:d21f:6e74:e6b8%utun2 prefixlen 64 scopeid 0xc 
	nd6 options=201<PERFORMNUD,DAD>
Brandons-MBP:CSBartenderApp-master brandon$ clear

Brandons-MBP:CSBartenderApp-master brandon$ git status
On branch frontendUpgrade2
Changes not staged for commit:
  (use "git add <file>..." to update what will be committed)
  (use "git checkout -- <file>..." to discard changes in working directory)

	modified:   public/app/views/pages/search.html

Untracked files:
  (use "git add <file>..." to include in what will be committed)

	public/assets/img/

no changes added to commit (use "git add" and/or "git commit -a")
Brandons-MBP:CSBartenderApp-master brandon$ git add .
Brandons-MBP:CSBartenderApp-master brandon$ git commit -m 'pic push'
[frontendUpgrade2 902c5e8] pic push
 Committer: Brandon Herbert <brandon@Brandons-MBP.fios-router.home>
Your name and email address were configured automatically based
on your username and hostname. Please check that they are accurate.
You can suppress this message by setting them explicitly. Run the
following command and follow the instructions in your editor to edit
your configuration file:

    git config --global --edit

After doing this, you may fix the identity used for this commit with:

    git commit --amend --reset-author

 2 files changed, 5 insertions(+), 8 deletions(-)
 create mode 100644 public/assets/img/genericDrink.jpg
Brandons-MBP:CSBartenderApp-master brandon$ git push cs441 frontendUpgrade2
Counting objects: 10, done.
Delta compression using up to 8 threads.
Compressing objects: 100% (9/9), done.
Writing objects: 100% (10/10), 22.66 KiB | 0 bytes/s, done.
Total 10 (delta 4), reused 0 (delta 0)
remote: Resolving deltas: 100% (4/4), completed with 4 local objects.
To https://github.com/cs441Software-engineering/CSBartenderApp.git
   9a5e2c0..902c5e8  frontendUpgrade2 -> frontendUpgrade2
Brandons-MBP:CSBartenderApp-master brandon$ clear




Brandons-MBP:CSBartenderApp-master brandon$ git status
On branch frontendUpgrade2
Changes not staged for commit:
  (use "git add <file>..." to update what will be committed)
  (use "git checkout -- <file>..." to discard changes in working directory)

	modified:   public/app/views/index.html
	modified:   public/app/views/pages/search.html
	modified:   public/assets/css/style.css

no changes added to commit (use "git add" and/or "git commit -a")
Brandons-MBP:CSBartenderApp-master brandon$ git add .
Brandons-MBP:CSBartenderApp-master brandon$ git commit -m 'card push'
[frontendUpgrade2 7b3a7c2] card push
 Committer: Brandon Herbert <brandon@Brandons-MBP.fios-router.home>
Your name and email address were configured automatically based
on your username and hostname. Please check that they are accurate.
You can suppress this message by setting them explicitly. Run the
following command and follow the instructions in your editor to edit
your configuration file:

    git config --global --edit

After doing this, you may fix the identity used for this commit with:

    git commit --amend --reset-author

 3 files changed, 23 insertions(+), 4 deletions(-)
Brandons-MBP:CSBartenderApp-master brandon$ git push cs441 frontendUpgrade2
Counting objects: 11, done.
Delta compression using up to 8 threads.
Compressing objects: 100% (10/10), done.
Writing objects: 100% (11/11), 1.42 KiB | 0 bytes/s, done.
Total 11 (delta 5), reused 0 (delta 0)
remote: Resolving deltas: 100% (5/5), completed with 5 local objects.
To https://github.com/cs441Software-engineering/CSBartenderApp.git
   902c5e8..7b3a7c2  frontendUpgrade2 -> frontendUpgrade2
Brandons-MBP:CSBartenderApp-master brandon$ clear









Brandons-MBP:CSBartenderApp-master brandon$ git status
On branch frontendUpgrade2
Changes not staged for commit:
  (use "git add <file>..." to update what will be committed)
  (use "git checkout -- <file>..." to discard changes in working directory)

	modified:   public/app/views/pages/search.html
	modified:   public/assets/css/style.css

no changes added to commit (use "git add" and/or "git commit -a")
Brandons-MBP:CSBartenderApp-master brandon$ git add .
Brandons-MBP:CSBartenderApp-master brandon$ git commit -m 'cardUpdate'
[frontendUpgrade2 79571ef] cardUpdate
 Committer: Brandon Herbert <brandon@Brandons-MBP.fios-router.home>
Your name and email address were configured automatically based
on your username and hostname. Please check that they are accurate.
You can suppress this message by setting them explicitly. Run the
following command and follow the instructions in your editor to edit
your configuration file:

    git config --global --edit

After doing this, you may fix the identity used for this commit with:

    git commit --amend --reset-author

 2 files changed, 20 insertions(+), 11 deletions(-)
Brandons-MBP:CSBartenderApp-master brandon$ git push cs441 frontendUpgrade2
Counting objects: 10, done.
Delta compression using up to 8 threads.
Compressing objects: 100% (9/9), done.
Writing objects: 100% (10/10), 935 bytes | 0 bytes/s, done.
Total 10 (delta 5), reused 0 (delta 0)
remote: Resolving deltas: 100% (5/5), completed with 5 local objects.
To https://github.com/cs441Software-engineering/CSBartenderApp.git
   7b3a7c2..79571ef  frontendUpgrade2 -> frontendUpgrade2
Brandons-MBP:CSBartenderApp-master brandon$ clear










Brandons-MBP:CSBartenderApp-master brandon$ git status
On branch frontendUpgrade2
Changes not staged for commit:
  (use "git add/rm <file>..." to update what will be committed)
  (use "git checkout -- <file>..." to discard changes in working directory)

	modified:   public/app/views/pages/search.html
	deleted:    public/assets/img/genericDrink.jpg

Untracked files:
  (use "git add <file>..." to include in what will be committed)

	public/assets/img/genericDrink.png

no changes added to commit (use "git add" and/or "git commit -a")
Brandons-MBP:CSBartenderApp-master brandon$ git add .
Brandons-MBP:CSBartenderApp-master brandon$ git status
On branch frontendUpgrade2
Changes to be committed:
  (use "git reset HEAD <file>..." to unstage)

	modified:   public/app/views/pages/search.html
	deleted:    public/assets/img/genericDrink.jpg
	new file:   public/assets/img/genericDrink.png

Brandons-MBP:CSBartenderApp-master brandon$ git commit -m 'pic update'
[frontendUpgrade2 5f23f5a] pic update
 Committer: Brandon Herbert <brandon@Brandons-MBP.fios-router.home>
Your name and email address were configured automatically based
on your username and hostname. Please check that they are accurate.
You can suppress this message by setting them explicitly. Run the
following command and follow the instructions in your editor to edit
your configuration file:

    git config --global --edit

After doing this, you may fix the identity used for this commit with:

    git commit --amend --reset-author

 3 files changed, 1 insertion(+), 6 deletions(-)
 delete mode 100644 public/assets/img/genericDrink.jpg
 create mode 100644 public/assets/img/genericDrink.png
Brandons-MBP:CSBartenderApp-master brandon$ git push cs441 frontendUpgrade2
Counting objects: 10, done.
Delta compression using up to 8 threads.
Compressing objects: 100% (9/9), done.
Writing objects: 100% (10/10), 94.32 KiB | 0 bytes/s, done.
Total 10 (delta 4), reused 0 (delta 0)
remote: Resolving deltas: 100% (4/4), completed with 4 local objects.
To https://github.com/cs441Software-engineering/CSBartenderApp.git
   79571ef..5f23f5a  frontendUpgrade2 -> frontendUpgrade2
Brandons-MBP:CSBartenderApp-master brandon$ clear

Brandons-MBP:CSBartenderApp-master brandon$ git pull
fatal: No remote repository specified.  Please, specify either a URL or a
remote name from which new revisions should be fetched.
Brandons-MBP:CSBartenderApp-master brandon$ git pull cs441 frontendUpgrade2
remote: Counting objects: 8, done.
remote: Compressing objects: 100% (7/7), done.
remote: Total 8 (delta 0), reused 0 (delta 0), pack-reused 0
Unpacking objects: 100% (8/8), done.
From https://github.com/cs441Software-engineering/CSBartenderApp
 * branch            frontendUpgrade2 -> FETCH_HEAD
   5f23f5a..1ad3386  frontendUpgrade2 -> cs441/frontendUpgrade2
Updating 5f23f5a..1ad3386
Fast-forward
 public/assets/css/style.css      |  10 +++++-----
 public/assets/img/blackboard.jpg | Bin 0 -> 637727 bytes
 2 files changed, 5 insertions(+), 5 deletions(-)
 create mode 100644 public/assets/img/blackboard.jpg
Brandons-MBP:CSBartenderApp-master brandon$ 






































